Godot Engine v4.7.2.stable.official.ed1daf0bf - https://godotengine.org
OpenGL API 3.3.0 Core Profile Context 26.8.1.260810 - Compatibility - Using Device: ATI Technologies Inc. - AMD Radeon RX 9070 XT

[criacao] cabine live: res://scenes/player/cabine_fundo_criacao.tscn
[cidade] fog praca -> praca_noite
[cidade] fog pin_praca -> praca_noite
[abertura] deitar y_local=0.68000000715256 y_world=0.68028497695923
[abertura] fog Matriz -> praca_noite
[abertura] captura C:/Users/Administrator/Documents/Codes/Games/PSX/game/captures/abertura/01_acordar_ceu.png (480x270)
[abertura] cine C:/Users/Administrator/Documents/Codes/Games/PSX/game/../captures/praca_matriz/cine/01_acordar_ceu.png
[abertura] deitar y_local=0.68000000715256 y_world=0.68028497695923
[abertura] captura C:/Users/Administrator/Documents/Codes/Games/PSX/game/captures/abertura/02_deitado_igreja.png (480x270)
[abertura] cine C:/Users/Administrator/Documents/Codes/Games/PSX/game/../captures/praca_matriz/cine/02_deitado_igreja.png
[abertura] captura C:/Users/Administrator/Documents/Codes/Games/PSX/game/captures/abertura/praca_2.png (480x270)
[abertura] cine C:/Users/Administrator/Documents/Codes/Games/PSX/game/../captures/praca_matriz/cine/praca_2.png
[abertura] captura C:/Users/Administrator/Documents/Codes/Games/PSX/game/captures/abertura/praca_3.png (480x270)
[abertura] cine C:/Users/Administrator/Documents/Codes/Games/PSX/game/../captures/praca_matriz/cine/praca_3.png
[abertura] captura C:/Users/Administrator/Documents/Codes/Games/PSX/game/captures/abertura/praca_4.png (480x270)
[abertura] cine C:/Users/Administrator/Documents/Codes/Games/PSX/game/../captures/praca_matriz/cine/praca_4.png
[abertura] captura C:/Users/Administrator/Documents/Codes/Games/PSX/game/captures/abertura/praca_5.png (480x270)
[abertura] cine C:/Users/Administrator/Documents/Codes/Games/PSX/game/../captures/praca_matriz/cine/praca_5.png
[abertura] praca capturada - encerrando
