Godot Engine v4.7.2.stable.official.ed1daf0bf - https://godotengine.org
OpenGL API 3.3.0 Core Profile Context 26.8.1.260810 - Compatibility - Using Device: ATI Technologies Inc. - AMD Radeon RX 9070 XT

[capture] gravando C:\Users\Administrator\Documents\Codes\Games\PSX\captures\praca_matriz\_sessao_newbot\before_f120.png no frame de fisica 120
[criacao] cabine live: res://scenes/player/cabine_fundo_criacao.tscn
[capture] ok C:\Users\Administrator\Documents\Codes\Games\PSX\captures\praca_matriz\_sessao_newbot\before_f120.png (480x270)
[capture] jogador em 270.00, 0.00, -40.00
[lampada] @Node3D@322 0.987
[lampada] @Node3D@359 0.985
[lampada] @Node3D@360 1.015
[lampada] @Node3D@361 0.994
[lampada] @Node3D@362 1.014
[lampada] @Node3D@363 0.986
[lampada] @Node3D@364 0.986
[lampada] @Node3D@365 1.011
[lampada] @Node3D@366 1.015
[lampada] @Node3D@367 0.990
[lampada] @Node3D@380 1.000
[lampada] @Node3D@398 0.054
[lampada] @Node3D@418 1.009
[lampada] @Node3D@443 0.999
[lampada] @Node3D@464 1.014
[lampada] @Node3D@488 1.012
[lampada] @Node3D@504 1.000
[lampada] @Node3D@518 1.000
[lampada] @Node3D@520 1.000
[lampada] @Node3D@530 0.987
[lampada] @Node3D@532 1.000
[lampada] @Node3D@543 0.989
[lampada] @Node3D@557 0.986
[lampada] @Node3D@569 0.985
[lampada] @Node3D@571 1.000
[lampada] @Node3D@584 0.991
[lampada] @Node3D@598 1.008
[lampada] @Node3D@611 1.011
[lampada] @Node3D@625 1.003
[lampada] @Node3D@647 0.989
[lampada] @Node3D@659 0.989
[lampada] @Node3D@672 0.985
[lampada] @Node3D@689 1.013
[lampada] @Node3D@708 0.986
