Godot Engine v4.7.2.stable.official.ed1daf0bf - https://godotengine.org
OpenGL API 3.3.0 Core Profile Context 26.8.1.260810 - Compatibility - Using Device: ATI Technologies Inc. - AMD Radeon RX 9070 XT

[capture] gravando C:\Users\Administrator\Documents\Codes\Games\PSX\captures\praca_matriz\_sessao_newbot\mapa_eixo_leve.png no frame de fisica 200
[capture] ok C:\Users\Administrator\Documents\Codes\Games\PSX\captures\praca_matriz\_sessao_newbot\mapa_eixo_leve.png (480x270)
[capture] jogador em -80.00, 0.00, 112.00
[lampada] @Node3D@219 1.001
[lampada] @Node3D@220 0.986
[lampada] @Node3D@242 1.008
[lampada] @Node3D@261 0.985
[lampada] @Node3D@262 1.009
[lampada] @Node3D@281 1.002
[lampada] @Node3D@282 0.995
[lampada] @Node3D@284 0.997
[lampada] @Node3D@299 1.012
[lampada] @Node3D@301 0.171
[lampada] @Node3D@320 1.009
[lampada] @Node3D@339 1.008
[lampada] @Node3D@361 1.000
[lampada] @Node3D@379 1.000
[lampada] @Node3D@390 1.015
[lampada] @Node3D@411 1.014
[lampada] @Node3D@412 1.000
[lampada] @Node3D@414 0.994
[lampada] @Node3D@428 0.867
[lampada] @Node3D@454 0.990
[lampada] @Node3D@455 0.995
[lampada] @Node3D@457 1.012
[lampada] @Node3D@481 1.000
[lampada] @Node3D@506 0.993
[lampada] @Node3D@515 0.999
[lampada] @Node3D@538 0.986
[lampada] @Node3D@556 0.986
[lampada] @Node3D@576 0.030
[lampada] @Node3D@583 1.000
[lampada] @Node3D@591 1.000
[lampada] @Node3D@604 1.008
[lampada] @Node3D@628 1.012
[lampada] @Node3D@654 1.000
[lampada] @Node3D@656 1.000
[lampada] @Node3D@670 0.994
[lampada] @Node3D@681 1.013
[lampada] @Node3D@690 0.993
[lampada] @Node3D@699 0.986
[lampada] @Node3D@709 0.986
[lampada] @Node3D@718 1.009
[lampada] @Node3D@730 1.004
[lampada] @Node3D@740 1.011
[lampada] @Node3D@755 1.015
[lampada] @Node3D@771 0.994
[lampada] @Node3D@804 1.000
[lampada] @Node3D@821 1.000
[lampada] @Node3D@830 0.985
[lampada] @Node3D@832 1.000
[lampada] @Node3D@845 0.986
[lampada] @Node3D@867 1.007
[lampada] @Node3D@880 0.258
[lampada] @Node3D@892 1.000
[lampada] @Node3D@906 0.985
[lampada] @Node3D@933 1.006
[lampada] @Node3D@954 1.012
[lampada] @Node3D@966 1.007
[lampada] @Node3D@979 0.995
[lampada] @Node3D@982 1.000
[lampada] @Node3D@999 0.993
[lampada] @Node3D@1004 1.000
[lampada] @Node3D@1031 0.994
[lampada] @Node3D@1061 1.010
[lampada] @Node3D@1063 1.001
