Godot Engine v4.7.2.stable.official.ed1daf0bf - https://godotengine.org
OpenGL API 3.3.0 Core Profile Context 26.8.1.260810 - Compatibility - Using Device: ATI Technologies Inc. - AMD Radeon RX 9070 XT

[capture] gravando C:\Users\Administrator\Documents\Codes\Games\PSX\captures\praca_matriz\_sessao_newbot\mapa_eixo_matdebug.png no frame de fisica 200
[capture] ok C:\Users\Administrator\Documents\Codes\Games\PSX\captures\praca_matriz\_sessao_newbot\mapa_eixo_matdebug.png (480x270)
[capture] jogador em -80.00, 0.00, 112.00
[lampada] @Node3D@218 1.010
[lampada] @Node3D@220 0.221
[lampada] @Node3D@246 1.008
[lampada] @Node3D@265 1.003
[lampada] @Node3D@266 0.995
[lampada] @Node3D@268 0.998
[lampada] @Node3D@286 0.985
[lampada] @Node3D@287 1.009
[lampada] @Node3D@304 1.003
[lampada] @Node3D@305 0.986
[lampada] @Node3D@322 1.000
[lampada] @Node3D@341 1.008
[lampada] @Node3D@357 1.009
[lampada] @Node3D@366 0.600
[lampada] @Node3D@389 1.000
[lampada] @Node3D@411 1.014
[lampada] @Node3D@412 1.000
[lampada] @Node3D@414 0.994
[lampada] @Node3D@430 1.015
[lampada] @Node3D@454 0.990
[lampada] @Node3D@455 0.995
[lampada] @Node3D@457 1.012
[lampada] @Node3D@466 1.000
[lampada] @Node3D@474 1.000
[lampada] @Node3D@495 0.986
[lampada] @Node3D@526 0.993
[lampada] @Node3D@548 1.000
[lampada] @Node3D@571 0.030
[lampada] @Node3D@581 0.986
[lampada] @Node3D@589 0.999
[lampada] @Node3D@605 1.000
[lampada] @Node3D@607 1.000
[lampada] @Node3D@621 0.994
[lampada] @Node3D@640 1.012
[lampada] @Node3D@665 1.008
