SCRIPT ERROR: Parse Error: Could not find type "FichaCadastro" in the current scope.
   at: GDScript::reload (res://src/ui/menu.gd:60)
SCRIPT ERROR: Parse Error: Identifier "FichaCadastro" not declared in the current scope.
   at: GDScript::reload (res://src/ui/menu.gd:955)
SCRIPT ERROR: Parse Error: Assigned value for constant "MAX_NOME" isn't a constant expression.
   at: GDScript::reload (res://src/ui/menu.gd:955)
SCRIPT ERROR: Parse Error: Cannot infer the type of "MAX_NOME" constant because the value doesn't have a set type.
   at: GDScript::reload (res://src/ui/menu.gd:955)
SCRIPT ERROR: Parse Error: Identifier "FichaCadastro" not declared in the current scope.
   at: GDScript::reload (res://src/ui/menu.gd:487)
SCRIPT ERROR: Parse Error: Identifier "_piscar_cursor" not declared in the current scope.
   at: GDScript::reload (res://src/ui/menu.gd:918)
SCRIPT ERROR: Compile Error: Failed to compile depended scripts.
   at: GDScript::reload (res://src/levels/cidade.gd:0)
ERROR: Failed to load script "res://src/levels/cidade.gd" with error "Compilation failed".
   at: load (modules/gdscript/gdscript_resource_format.cpp:46)
SCRIPT ERROR: Invalid call. Nonexistent function 'new' in base 'GDScript'.
   at: _montar_menu (res://src/levels/cidade.gd:645)
   GDScript backtrace (most recent call first):
       [0] _montar_menu (res://src/levels/cidade.gd:645)
       [1] _ready (res://src/levels/cidade.gd:68)
SCRIPT ERROR: Invalid access to property or key 'visible' on a base object of type 'Nil'.
   at: _ready (res://src/levels/cidade.gd:72)
   GDScript backtrace (most recent call first):
       [0] _ready (res://src/levels/cidade.gd:72)
