Godot Engine v4.7.2.stable.official.ed1daf0bf - https://godotengine.org
OpenGL API 3.3.0 Core Profile Context 26.8.1.260810 - Compatibility - Using Device: ATI Technologies Inc. - AMD Radeon RX 9070 XT

[capture] gravando C:\Users\Administrator\Documents\Codes\Games\PSX\captures\praca_matriz\_sessao_newbot\mapa_eixo_denso3.png no frame de fisica 200
[criacao] cabine live: res://scenes/player/cabine_fundo_criacao.tscn
[capture] ok C:\Users\Administrator\Documents\Codes\Games\PSX\captures\praca_matriz\_sessao_newbot\mapa_eixo_denso3.png (480x270)
[capture] jogador em 270.00, 0.00, -40.00
[lampada] @Node3D@308 1.014
[lampada] @Node3D@345 1.015
[lampada] @Node3D@346 0.985
[lampada] @Node3D@347 1.005
[lampada] @Node3D@348 0.987
[lampada] @Node3D@349 1.014
[lampada] @Node3D@350 1.014
[lampada] @Node3D@351 0.990
[lampada] @Node3D@352 0.985
[lampada] @Node3D@365 1.000
[lampada] @Node3D@383 0.124
[lampada] @Node3D@403 0.993
[lampada] @Node3D@428 1.003
[lampada] @Node3D@449 0.987
[lampada] @Node3D@473 0.989
[lampada] @Node3D@489 1.000
[lampada] @Node3D@503 1.000
[lampada] @Node3D@505 1.000
[lampada] @Node3D@515 1.014
[lampada] @Node3D@517 1.000
[lampada] @Node3D@528 1.013
[lampada] @Node3D@542 1.013
[lampada] @Node3D@554 1.014
[lampada] @Node3D@556 1.000
[lampada] @Node3D@569 1.011
[lampada] @Node3D@583 0.993
[lampada] @Node3D@596 0.990
[lampada] @Node3D@610 0.995
[lampada] @Node3D@632 1.012
[lampada] @Node3D@644 1.009
[lampada] @Node3D@657 1.015
[lampada] @Node3D@674 0.986
[lampada] @Node3D@693 1.013
