Godot Engine v4.7.2.stable.official.ed1daf0bf - https://godotengine.org
OpenGL API 3.3.0 Core Profile Context 26.8.1.260810 - Compatibility - Using Device: ATI Technologies Inc. - AMD Radeon RX 9070 XT

[capture] gravando C:\Users\Administrator\Documents\Codes\Games\PSX\captures\praca_matriz\_sessao_newbot\mapa_eixo_denso2.png no frame de fisica 200
[criacao] cabine live: res://scenes/player/cabine_fundo_criacao.tscn
[capture] ok C:\Users\Administrator\Documents\Codes\Games\PSX\captures\praca_matriz\_sessao_newbot\mapa_eixo_denso2.png (480x270)
[capture] jogador em 270.00, 0.00, -40.00
[lampada] @Node3D@319 1.014
[lampada] @Node3D@356 1.015
[lampada] @Node3D@357 0.986
[lampada] @Node3D@358 1.004
[lampada] @Node3D@359 0.987
[lampada] @Node3D@360 1.015
[lampada] @Node3D@361 1.014
[lampada] @Node3D@362 0.991
[lampada] @Node3D@363 0.985
[lampada] @Node3D@376 1.000
[lampada] @Node3D@394 0.113
[lampada] @Node3D@414 0.993
[lampada] @Node3D@439 1.003
[lampada] @Node3D@460 0.987
[lampada] @Node3D@484 0.989
[lampada] @Node3D@500 1.000
[lampada] @Node3D@514 1.000
[lampada] @Node3D@516 1.000
[lampada] @Node3D@526 1.014
[lampada] @Node3D@528 1.000
[lampada] @Node3D@539 1.012
[lampada] @Node3D@553 1.013
[lampada] @Node3D@565 1.014
[lampada] @Node3D@567 1.000
[lampada] @Node3D@580 1.010
[lampada] @Node3D@594 0.993
[lampada] @Node3D@607 0.990
[lampada] @Node3D@621 0.996
[lampada] @Node3D@643 1.012
[lampada] @Node3D@655 1.009
[lampada] @Node3D@668 1.015
[lampada] @Node3D@685 0.987
[lampada] @Node3D@704 1.013
